2026-04-17T22:22:14.297-06:00  INFO 27125 --- [main] com.tony.bankapi.ApiBankApplication      : Starting ApiBankApplication using Java 21.0.10 with PID 27125 (/home/tony/JAVAProjects/Proyectos_SpringBoot/API-Bank/target/classes started by tony in /home/tony/JAVAProjects/Proyectos_SpringBoot/API-Bank)
2026-04-17T22:22:14.324-06:00  INFO 27125 --- [main] com.tony.bankapi.ApiBankApplication      : No active profile set, falling back to 1 default profile: "default"
2026-04-17T22:22:18.103-06:00  INFO 27125 --- [main] .s.d.r.c.RepositoryConfigurationDelegate : Bootstrapping Spring Data JPA repositories in DEFAULT mode.
2026-04-17T22:22:18.293-06:00  INFO 27125 --- [main] .s.d.r.c.RepositoryConfigurationDelegate : Finished Spring Data repository scanning in 163 ms. Found 3 JPA repository interfaces.
2026-04-17T22:22:21.111-06:00  INFO 27125 --- [main] o.s.b.w.embedded.tomcat.TomcatWebServer  : Tomcat initialized with port 8080 (http)
2026-04-17T22:22:21.166-06:00  INFO 27125 --- [main] o.apache.catalina.core.StandardService   : Starting service [Tomcat]
2026-04-17T22:22:21.167-06:00  INFO 27125 --- [main] o.apache.catalina.core.StandardEngine    : Starting Servlet engine: [Apache Tomcat/10.1.50]
2026-04-17T22:22:21.582-06:00  INFO 27125 --- [main] o.a.c.c.C.[Tomcat].[localhost].[/]       : Initializing Spring embedded WebApplicationContext
2026-04-17T22:22:21.598-06:00  INFO 27125 --- [main] w.s.c.ServletWebServerApplicationContext : Root WebApplicationContext: initialization completed in 7167 ms
2026-04-17T22:22:22.926-06:00  INFO 27125 --- [main] o.hibernate.jpa.internal.util.LogHelper  : HHH000204: Processing PersistenceUnitInfo [name: default]
2026-04-17T22:22:23.266-06:00  INFO 27125 --- [main] org.hibernate.Version                    : HHH000412: Hibernate ORM core version 6.6.41.Final
2026-04-17T22:22:23.403-06:00  INFO 27125 --- [main] o.h.c.internal.RegionFactoryInitiator    : HHH000026: Second-level cache disabled
2026-04-17T22:22:24.407-06:00  INFO 27125 --- [main] o.s.o.j.p.SpringPersistenceUnitInfo      : No LoadTimeWeaver setup: ignoring JPA class transformer
2026-04-17T22:22:24.477-06:00  INFO 27125 --- [main] com.zaxxer.hikari.HikariDataSource       : HikariPool-1 - Starting...
2026-04-17T22:22:24.697-06:00  INFO 27125 --- [main] com.zaxxer.hikari.pool.HikariPool        : HikariPool-1 - Added connection org.postgresql.jdbc.PgConnection@43df1377
2026-04-17T22:22:24.701-06:00  INFO 27125 --- [main] com.zaxxer.hikari.HikariDataSource       : HikariPool-1 - Start completed.
2026-04-17T22:22:24.876-06:00  INFO 27125 --- [main] org.hibernate.orm.connections.pooling    : HHH10001005: Database info:
	Database JDBC URL [Connecting through datasource 'HikariDataSource (HikariPool-1)']
	Database driver: undefined/unknown
	Database version: 18.3
	Autocommit mode: undefined/unknown
	Isolation level: undefined/unknown
	Minimum pool size: undefined/unknown
	Maximum pool size: undefined/unknown
2026-04-17T22:22:26.934-06:00  INFO 27125 --- [main] o.h.e.t.j.p.i.JtaPlatformInitiator       : HHH000489: No JTA platform available (set 'hibernate.transaction.jta.platform' to enable JTA platform integration)
2026-04-17T22:22:27.102-06:00  INFO 27125 --- [main] j.LocalContainerEntityManagerFactoryBean : Initialized JPA EntityManagerFactory for persistence unit 'default'
2026-04-17T22:22:27.940-06:00  INFO 27125 --- [main] o.s.d.j.r.query.QueryEnhancerFactory     : Hibernate is in classpath; If applicable, HQL parser will be used.
2026-04-17T22:22:28.582-06:00  INFO 27125 --- [main] eAuthenticationProviderManagerConfigurer : Global AuthenticationManager configured with AuthenticationProvider bean with name authenticationProvider
2026-04-17T22:22:28.583-06:00  WARN 27125 --- [main] r$InitializeUserDetailsManagerConfigurer : Global AuthenticationManager configured with an AuthenticationProvider bean. UserDetailsService beans will not be used by Spring Security for automatically configuring username/password login. Consider removing the AuthenticationProvider bean. Alternatively, consider using the UserDetailsService in a manually instantiated DaoAuthenticationProvider. If the current configuration is intentional, to turn off this warning, increase the logging level of 'org.springframework.security.config.annotation.authentication.configuration.InitializeUserDetailsBeanManagerConfigurer' to ERROR
2026-04-17T22:22:28.836-06:00  WARN 27125 --- [main] JpaBaseConfiguration$JpaWebConfiguration : spring.jpa.open-in-view is enabled by default. Therefore, database queries may be performed during view rendering. Explicitly configure spring.jpa.open-in-view to disable this warning
2026-04-17T22:22:29.496-06:00  INFO 27125 --- [main] o.s.b.a.e.web.EndpointLinksResolver      : Exposing 1 endpoint beneath base path '/actuator'
2026-04-17T22:22:30.580-06:00  INFO 27125 --- [main] o.s.b.w.embedded.tomcat.TomcatWebServer  : Tomcat started on port 8080 (http) with context path '/'
2026-04-17T22:22:30.633-06:00  INFO 27125 --- [main] com.tony.bankapi.ApiBankApplication      : Started ApiBankApplication in 17.564 seconds (process running for 19.044)
2026-04-17T22:22:32.364-06:00  INFO 27125 --- [RMI TCP Connection(3)-127.0.0.1] o.a.c.c.C.[Tomcat].[localhost].[/]       : Initializing Spring DispatcherServlet 'dispatcherServlet'
2026-04-17T22:22:32.366-06:00  INFO 27125 --- [RMI TCP Connection(3)-127.0.0.1] o.s.web.servlet.DispatcherServlet        : Initializing Servlet 'dispatcherServlet'
2026-04-17T22:22:32.372-06:00  INFO 27125 --- [RMI TCP Connection(3)-127.0.0.1] o.s.web.servlet.DispatcherServlet        : Completed initialization in 3 ms
2026-04-17T22:23:15.957-06:00  INFO 27125 --- [SpringApplicationShutdownHook] o.s.b.w.e.tomcat.GracefulShutdown        : Commencing graceful shutdown. Waiting for active requests to complete
2026-04-17T22:23:15.981-06:00  INFO 27125 --- [tomcat-shutdown] o.s.b.w.e.tomcat.GracefulShutdown        : Graceful shutdown complete
2026-04-17T22:23:16.036-06:00  INFO 27125 --- [SpringApplicationShutdownHook] j.LocalContainerEntityManagerFactoryBean : Closing JPA EntityManagerFactory for persistence unit 'default'
2026-04-17T22:23:16.046-06:00  INFO 27125 --- [SpringApplicationShutdownHook] com.zaxxer.hikari.HikariDataSource       : HikariPool-1 - Shutdown initiated...
2026-04-17T22:23:16.068-06:00  INFO 27125 --- [SpringApplicationShutdownHook] com.zaxxer.hikari.HikariDataSource       : HikariPool-1 - Shutdown completed.
